src/lib/api.ts(33,8): error TS2769: No overload matches this call.
  Overload 1 of 2, '(values: never, options?: { count?: "exact" | "planned" | "estimated" | undefined; } | undefined): PostgrestFilterBuilder<{ PostgrestVersion: "12"; }, never, never, null, "tenants", never, "POST">', gave the following error.
    Argument of type '{ tenant_code: string; business_name: string; owner_name: string; email: string; phone?: string | undefined; address?: string | undefined; city?: string | undefined; country?: string | undefined; ... 5 more ...; notes?: string | undefined; }[]' is not assignable to parameter of type 'never'.
  Overload 2 of 2, '(values: never[], options?: { count?: "exact" | "planned" | "estimated" | undefined; defaultToNull?: boolean | undefined; } | undefined): PostgrestFilterBuilder<{ PostgrestVersion: "12"; }, never, never, null, "tenants", never, "POST">', gave the following error.
    Type '{ tenant_code: string; business_name: string; owner_name: string; email: string; phone?: string | undefined; address?: string | undefined; city?: string | undefined; country?: string | undefined; logo_url?: string | undefined; status: "active" | "suspended" | "pending" | "deleted"; subscription_plan: "starter" | "pr...' is not assignable to type 'never'.
src/lib/api.ts(37,49): error TS2339: Property 'id' does not exist on type 'never'.
src/lib/api.ts(44,15): error TS2345: Argument of type '{ updated_at: string; id?: string | undefined; tenant_code?: string | undefined; business_name?: string | undefined; owner_name?: string | undefined; email?: string | undefined; phone?: string | undefined; ... 9 more ...; created_at?: string | undefined; }' is not assignable to parameter of type 'never'.
src/lib/api.ts(56,15): error TS2345: Argument of type '{ status: string; updated_at: string; }' is not assignable to parameter of type 'never'.
src/lib/api.ts(106,8): error TS2769: No overload matches this call.
  Overload 1 of 2, '(values: never, options?: { count?: "exact" | "planned" | "estimated" | undefined; } | undefined): PostgrestFilterBuilder<{ PostgrestVersion: "12"; }, never, never, null, "licenses", never, "POST">', gave the following error.
    Argument of type '{ license_key: string; status: string; current_activations: number; issued_at: string; tenant_id: string; product_name: string; max_activations: number; expires_at: string; features: string[]; }[]' is not assignable to parameter of type 'never'.
  Overload 2 of 2, '(values: never[], options?: { count?: "exact" | "planned" | "estimated" | undefined; defaultToNull?: boolean | undefined; } | undefined): PostgrestFilterBuilder<{ PostgrestVersion: "12"; }, never, never, null, "licenses", never, "POST">', gave the following error.
    Type '{ license_key: string; status: string; current_activations: number; issued_at: string; tenant_id: string; product_name: string; max_activations: number; expires_at: string; features: string[]; }' is not assignable to type 'never'.
src/lib/api.ts(116,50): error TS2339: Property 'id' does not exist on type 'never'.
src/lib/api.ts(123,15): error TS2345: Argument of type '{ status: string; updated_at: string; }' is not assignable to parameter of type 'never'.
src/lib/api.ts(135,15): error TS2345: Argument of type '{ status: string; updated_at: string; }' is not assignable to parameter of type 'never'.
src/lib/api.ts(151,14): error TS2339: Property 'status' does not exist on type 'never'.
src/lib/api.ts(151,85): error TS2339: Property 'status' does not exist on type 'never'.
src/lib/api.ts(152,23): error TS2339: Property 'expires_at' does not exist on type 'never'.
src/lib/api.ts(153,46): error TS2345: Argument of type '{ status: string; }' is not assignable to parameter of type 'never'.
src/lib/api.ts(153,83): error TS2339: Property 'id' does not exist on type 'never'.
src/lib/api.ts(156,14): error TS2339: Property 'current_activations' does not exist on type 'never'.
src/lib/api.ts(156,42): error TS2339: Property 'max_activations' does not exist on type 'never'.
src/lib/api.ts(156,66): error TS2339: Property 'hardware_id' does not exist on type 'never'.
src/lib/api.ts(162,15): error TS2345: Argument of type '{ last_checked_at: string; hardware_id: string; }' is not assignable to parameter of type 'never'.
src/lib/api.ts(163,22): error TS2339: Property 'id' does not exist on type 'never'.
src/lib/api.ts(164,55): error TS2339: Property 'tenant' does not exist on type 'never'.
src/lib/api.ts(186,8): error TS2769: No overload matches this call.
  Overload 1 of 2, '(values: never, options?: { count?: "exact" | "planned" | "estimated" | undefined; } | undefined): PostgrestFilterBuilder<{ PostgrestVersion: "12"; }, never, never, null, "pos_devices", never, "POST">', gave the following error.
    Argument of type '{ offline_checkins: number; status: "suspended" | "online" | "offline"; tenant_id: string; hardware_id: string; tenant?: Tenant | undefined; license_id?: string | undefined; ... 6 more ...; license?: License | undefined; }[]' is not assignable to parameter of type 'never'.
  Overload 2 of 2, '(values: never[], options?: { count?: "exact" | "planned" | "estimated" | undefined; defaultToNull?: boolean | undefined; } | undefined): PostgrestFilterBuilder<{ PostgrestVersion: "12"; }, never, never, null, "pos_devices", never, "POST">', gave the following error.
    Type '{ offline_checkins: number; status: "online" | "offline" | "suspended"; tenant_id: string; hardware_id: string; tenant?: Tenant | undefined; license_id?: string | undefined; device_name: string; last_seen_at?: string | undefined; ... 4 more ...; license?: License | undefined; }' is not assignable to type 'never'.
src/lib/api.ts(190,55): error TS2339: Property 'id' does not exist on type 'never'.
src/lib/api.ts(207,42): error TS2339: Property 'offline_checkins' does not exist on type 'never'.
src/lib/api.ts(209,47): error TS2345: Argument of type 'Partial<POSDevice>' is not assignable to parameter of type 'never'.
src/lib/api.ts(209,72): error TS2339: Property 'id' does not exist on type 'never'.
src/lib/api.ts(216,15): error TS2345: Argument of type '{ status: string; updated_at: string; }' is not assignable to parameter of type 'never'.
src/lib/api.ts(235,41): error TS2769: No overload matches this call.
  Overload 1 of 2, '(values: never, options?: { count?: "exact" | "planned" | "estimated" | undefined; } | undefined): PostgrestFilterBuilder<{ PostgrestVersion: "12"; }, never, never, null, "audit_logs", never, "POST">', gave the following error.
    Argument of type '{ action: string; resource_type: string; resource_id: string; details: object; user_email: string; created_at: string; }[]' is not assignable to parameter of type 'never'.
  Overload 2 of 2, '(values: never[], options?: { count?: "exact" | "planned" | "estimated" | undefined; defaultToNull?: boolean | undefined; } | undefined): PostgrestFilterBuilder<{ PostgrestVersion: "12"; }, never, never, null, "audit_logs", never, "POST">', gave the following error.
    Type '{ action: string; resource_type: string; resource_id: string; details: object; user_email: string; created_at: string; }' is not assignable to type 'never'.
src/lib/api.ts(280,49): error TS2339: Property 'status' does not exist on type 'never'.
src/lib/api.ts(281,52): error TS2339: Property 'status' does not exist on type 'never'.
src/lib/api.ts(283,51): error TS2339: Property 'status' does not exist on type 'never'.
src/lib/api.ts(284,52): error TS2339: Property 'status' does not exist on type 'never'.
src/lib/api.ts(286,53): error TS2339: Property 'status' does not exist on type 'never'.
src/lib/api.ts(287,64): error TS2339: Property 'monthly_revenue' does not exist on type 'never'.
src/lib/api.ts(289,34): error TS2339: Property 'expires_at' does not exist on type 'never'.
